2026-06-01 21:18:23.142 xcodebuild[95024:17136352]  DVTFilePathFSEvents: Failed to start fs event stream.
2026-06-01 21:18:23.639 xcodebuild[95024:17136353] CoreSimulatorService connection became invalid.  Simulator services will no longer be available.
2026-06-01 21:18:23.639 xcodebuild[95024:17136353] Logging connecton invalid: <OS_xpc_error: <dictionary: 0x2060b2bf0> { count = 1, transaction: 0, voucher = 0x0, contents =
	"XPCErrorDescription" => <string: 0x2060b2d38> { length = 18, contents = "Connection invalid" }
}>
2026-06-01 21:18:23.640 xcodebuild[95024:17136353] Error opening log file (/Users/inseo/Library/Logs/CoreSimulator/CoreSimulator.com.apple.dt.xcodebuild.log): Operation not permitted
[-[SimServiceContext sendRequest:]:1743] ERROR : Unable to deliver request ({
    "developer_dir" = "/Applications/Xcode.app/Contents/Developer";
    request = "set_developer_dir";
}) because we are not connected to CoreSimulatorService.
Command line invocation:
    /Applications/Xcode.app/Contents/Developer/usr/bin/xcodebuild -project fastblog.xcodeproj -scheme Bloggo -sdk iphonesimulator build

Build settings from command line:
    SDKROOT = iphonesimulator26.2

2026-06-01 21:18:23.696 xcodebuild[95024:17136337] [MT] DVTAssertions: Warning in DVTFrameworks/DVTFoundation/FileTypes/DVTFileDataTypeDetection.m:79
Details:  detectedTypeIdentifier (com.apple.xml-property-list) does not conform to matchedTypeIdentifier in MagicFileDataTypeDetector extenson com.apple.property-list. When both are specified, this conformance is required unless overridden by setting allowNonInheritance. extension.identifier:Xcode.MagicFileDataTypeDetector.XMLPlist
Object:   <DVTFileDataTypeDetectionMagicCache: 0x11b037400>
Method:   -initWithExtension:
Thread:   <_NSMainThread: 0x12d80d400>{number = 1, name = main}
Please file a bug at https://feedbackassistant.apple.com with this warning message and any useful information you can provide.
2026-06-01 21:18:23.698 xcodebuild[95024:17136337] [MT] DVTAssertions: Warning in DVTFrameworks/DVTFoundation/FileTypes/DVTFileDataTypeDetection.m:79
Details:  detectedTypeIdentifier (com.apple.binary-property-list) does not conform to matchedTypeIdentifier in MagicFileDataTypeDetector extenson com.apple.property-list. When both are specified, this conformance is required unless overridden by setting allowNonInheritance. extension.identifier:Xcode.MagicFileDataTypeDetector.BinaryPlist
Object:   <DVTFileDataTypeDetectionMagicCache: 0x11b1c0950>
Method:   -initWithExtension:
Thread:   <_NSMainThread: 0x12d80d400>{number = 1, name = main}
Please file a bug at https://feedbackassistant.apple.com with this warning message and any useful information you can provide.
2026-06-01 21:18:23.714 xcodebuild[95024:17136337] warning:  The file reference for "MomentVideoFullScreenPlayer.swift" is a member of multiple groups ("Components" and "Views"); this indicates a malformed project.  Only the membership in one of the groups will be preserved (but membership in targets will be unaffected).  If you want a reference to the same file in more than one group, please add another reference to the same path.
[-[SimServiceContext initWithDeveloperDir:connectionType:error:]:450] WARN  : Unable to discover any Simulator runtimes. Developer Directory is /Applications/Xcode.app/Contents/Developer.
[-[SimDiskImageManager init]:175] ERROR : Could not kickstart simdiskimaged; SimDiskImageManager services will not be available: Error Domain=NSPOSIXErrorDomain Code=53 "Software caused connection abort" UserInfo={NSLocalizedDescription=Error returned in reply from CoreSimulatorService: Connection invalid}
[-[SimDiskImageManager _onQueue_checkConnection:]:239] ERROR : simdiskimaged returned error (invalid), marking disconnected.
[-[SimDiskImageManager _onQueue_checkConnection:]:239] ERROR : simdiskimaged returned error (invalid), marking disconnected.
[-[SimServiceContext initWithDeveloperDir:connectionType:error:]_block_invoke:486] ERROR : Could not get list of trusted mount directories: Error Domain=com.apple.CoreSimulator.SimError Code=410 "The service used to manage runtime disk images (simdiskimaged) crashed or is not responding" UserInfo={NSLocalizedDescription=The service used to manage runtime disk images (simdiskimaged) crashed or is not responding}
[-[SimServiceContext sendRequest:reply:error:]:1763] ERROR : Unable to deliver request ({
    request = "notification_subscription";
    "set_path" = "/Users/inseo/Library/Developer/CoreSimulator/Devices";
}) because we are not connected to CoreSimulatorService.
2026-06-01 21:18:23.745 xcodebuild[95024:17136353] Error Domain=NSPOSIXErrorDomain Code=61 "Connection refused" UserInfo={NSLocalizedDescription=CoreSimulatorService connection became invalid.  Simulator services will no longer be available.}
2026-06-01 21:18:23.746 xcodebuild[95024:17136353]  iOSSimulator: [SimServiceContext defaultDeviceSetWithError:] returned nil (Error Domain=NSPOSIXErrorDomain Code=61 "Connection refused" UserInfo={NSLocalizedFailureReason=Failed to subscribe to notifications from CoreSimulatorService., NSLocalizedDescription=Failed to initialize simulator device set., NSUnderlyingError=0x11b22dd20 {Error Domain=NSPOSIXErrorDomain Code=61 "Connection refused" UserInfo={NSLocalizedDescription=CoreSimulatorService connection became invalid.  Simulator services will no longer be available.}}}). Simulator device support disabled.
[-[SimServiceContext sendRequest:reply:error:]:1763] ERROR : Unable to deliver request ({
    request = "notification_subscription";
    "set_path" = "/Users/inseo/Library/Developer/CoreSimulator/Devices";
}) because we are not connected to CoreSimulatorService.
2026-06-01 21:18:23.746 xcodebuild[95024:17136352] Error Domain=NSPOSIXErrorDomain Code=61 "Connection refused" UserInfo={NSLocalizedDescription=CoreSimulatorService connection became invalid.  Simulator services will no longer be available.}
2026-06-01 21:18:23.746 xcodebuild[95024:17136352]  IDESimulatorAvailability: startObservingSimulatorUpdates() FAILED to register SimDeviceSet observer
Resolve Package Graph

Package: zipfoundation

Package: kakaomapssdk-spm

Package: googlesignin-ios

encountered an I/O error (code: 1) while reading /Users/inseo/Library/Developer/Xcode/DerivedData/fastblog-bjgdkhkzwbbyyncqbwhmulntjpie/SourcePackages/workspace-state.jsonfatalError2026-06-01 21:18:24.490 xcodebuild[95024:17136337] Writing error result bundle to /var/folders/hz/428dghzd2fbfnqd6s624r5700000gn/T/ResultBundle_2026-01-06_21-18-0024.xcresult
xcodebuild: error: Could not resolve package dependencies:
  encountered an I/O error (code: 1) while reading /Users/inseo/Library/Developer/Xcode/DerivedData/fastblog-bjgdkhkzwbbyyncqbwhmulntjpie/SourcePackages/workspace-state.json
  fatalError
  <unknown>:0: error: cannot open file '/Users/inseo/Library/Caches/org.swift.swiftpm/manifests/ManifestLoading/zipfoundation.dia' for diagnostics emission (Operation not permitted)
  <unknown>:0: error: cannot open file '/Users/inseo/Library/Caches/org.swift.swiftpm/manifests/ManifestLoading/kakaomapssdk-spm.dia' for diagnostics emission (Operation not permitted)
  /Users/inseo/Library/Developer/Xcode/DerivedData/fastblog-bjgdkhkzwbbyyncqbwhmulntjpie/SourcePackages/checkouts/GoogleSignIn-iOS/Package.swift:44:6: warning: 'package(name:url:from:)' is deprecated: use package(url:from:) instead [#DeprecatedDeclaration]
 42 |   ],
 43 |   dependencies: [
 44 |     .package(
    |      `- warning: 'package(name:url:from:)' is deprecated: use package(url:from:) instead [#DeprecatedDeclaration]
 45 |       name: "AppAuth",
 46 |       url: "https://github.com/openid/AppAuth-iOS.git",

/Users/inseo/Library/Developer/Xcode/DerivedData/fastblog-bjgdkhkzwbbyyncqbwhmulntjpie/SourcePackages/checkouts/GoogleSignIn-iOS/Package.swift:48:6: warning: 'package(name:url:from:)' is deprecated: use package(url:from:) instead [#DeprecatedDeclaration]
 46 |       url: "https://github.com/openid/AppAuth-iOS.git",
 47 |       from: "2.0.0"),
 48 |     .package(
    |      `- warning: 'package(name:url:from:)' is deprecated: use package(url:from:) instead [#DeprecatedDeclaration]
 49 |       name: "AppCheck",
 50 |       url: "https://github.com/google/app-check.git",

/Users/inseo/Library/Developer/Xcode/DerivedData/fastblog-bjgdkhkzwbbyyncqbwhmulntjpie/SourcePackages/checkouts/GoogleSignIn-iOS/Package.swift:52:6: warning: 'package(name:url:from:)' is deprecated: use package(url:from:) instead [#DeprecatedDeclaration]
 50 |       url: "https://github.com/google/app-check.git",
 51 |       from: "11.0.0"),
 52 |     .package(
    |      `- warning: 'package(name:url:from:)' is deprecated: use package(url:from:) instead [#DeprecatedDeclaration]
 53 |       name: "GTMAppAuth",
 54 |       url: "https://github.com/google/GTMAppAuth.git",

/Users/inseo/Library/Developer/Xcode/DerivedData/fastblog-bjgdkhkzwbbyyncqbwhmulntjpie/SourcePackages/checkouts/GoogleSignIn-iOS/Package.swift:56:6: warning: 'package(name:url:from:)' is deprecated: use package(url:from:) instead [#DeprecatedDeclaration]
 54 |       url: "https://github.com/google/GTMAppAuth.git",
 55 |       from: "5.0.0"),
 56 |     .package(
    |      `- warning: 'package(name:url:from:)' is deprecated: use package(url:from:) instead [#DeprecatedDeclaration]
 57 |       name: "GTMSessionFetcher",
 58 |       url: "https://github.com/google/gtm-session-fetcher.git",

/Users/inseo/Library/Developer/Xcode/DerivedData/fastblog-bjgdkhkzwbbyyncqbwhmulntjpie/SourcePackages/checkouts/GoogleSignIn-iOS/Package.swift:60:6: warning: 'package(name:url:_:)' is deprecated: use specific requirement APIs instead (e.g. use 'branch:' instead of '.branch') [#DeprecatedDeclaration]
 58 |       url: "https://github.com/google/gtm-session-fetcher.git",
 59 |       from: "3.3.0"),
 60 |     .package(
    |      `- warning: 'package(name:url:_:)' is deprecated: use specific requirement APIs instead (e.g. use 'branch:' instead of '.branch') [#DeprecatedDeclaration]
 61 |       name: "OCMock",
 62 |       url: "https://github.com/firebase/ocmock.git",

/Users/inseo/Library/Developer/Xcode/DerivedData/fastblog-bjgdkhkzwbbyyncqbwhmulntjpie/SourcePackages/checkouts/GoogleSignIn-iOS/Package.swift:63:8: warning: 'revision' is deprecated [#DeprecatedDeclaration]
 61 |       name: "OCMock",
 62 |       url: "https://github.com/firebase/ocmock.git",
 63 |       .revision("7291762d3551c5c7e31c49cce40a0e391a52e889")),
    |        `- warning: 'revision' is deprecated [#DeprecatedDeclaration]
 64 |     .package(
 65 |       name: "GoogleUtilities",

/Users/inseo/Library/Developer/Xcode/DerivedData/fastblog-bjgdkhkzwbbyyncqbwhmulntjpie/SourcePackages/checkouts/GoogleSignIn-iOS/Package.swift:64:6: warning: 'package(name:url:from:)' is deprecated: use package(url:from:) instead [#DeprecatedDeclaration]
 62 |       url: "https://github.com/firebase/ocmock.git",
 63 |       .revision("7291762d3551c5c7e31c49cce40a0e391a52e889")),
 64 |     .package(
    |      `- warning: 'package(name:url:from:)' is deprecated: use package(url:from:) instead [#DeprecatedDeclaration]
 65 |       name: "GoogleUtilities",
 66 |       url: "https://github.com/google/GoogleUtilities.git",

[#DeprecatedDeclaration]: <https://docs.swift.org/compiler/documentation/diagnostics/deprecated-declaration>
<unknown>:0: error: cannot open file '/Users/inseo/Library/Caches/org.swift.swiftpm/manifests/ManifestLoading/googlesignin-ios.dia' for diagnostics emission (Operation not permitted)

