Command line invocation:
    /Applications/Xcode.app/Contents/Developer/usr/bin/xcodebuild build -project fastblog.xcodeproj -scheme Bloggo -destination generic/platform=iOS

Resolve Package Graph


Resolved source packages:
  AppCheck: https://github.com/google/app-check.git @ 11.2.0
  Promises: https://github.com/google/promises.git @ 2.4.0
  GoogleSignIn: https://github.com/google/GoogleSignIn-iOS @ 9.1.0
  GTMSessionFetcher: https://github.com/google/gtm-session-fetcher.git @ 3.5.0
  GTMAppAuth: https://github.com/google/GTMAppAuth.git @ 5.0.0
  AppAuth: https://github.com/openid/AppAuth-iOS.git @ 2.0.0
  GoogleUtilities: https://github.com/google/GoogleUtilities.git @ 8.1.0

2026-03-06 23:15:35.040 xcodebuild[22066:3505008] [MT] IDERunDestination: Supported platforms for the buildables in the current scheme is empty.
ComputePackagePrebuildTargetDependencyGraph

Prepare packages

CreateBuildRequest

SendProjectDescription

CreateBuildOperation

ComputeTargetDependencyGraph
note: Building targets in dependency order
note: Target dependency graph (30 targets)
    Target 'Bloggo' in project 'fastblog'
        ➜ Explicit dependency on target 'GoogleSignIn' in project 'GoogleSignIn'
    Target 'GoogleSignIn' in project 'GoogleSignIn'
        ➜ Explicit dependency on target 'GoogleSignIn' in project 'GoogleSignIn'
        ➜ Explicit dependency on target 'GoogleSignIn_GoogleSignIn' in project 'GoogleSignIn'
        ➜ Explicit dependency on target 'AppAuth' in project 'AppAuth'
        ➜ Explicit dependency on target 'AppAuthCore' in project 'AppAuth'
        ➜ Explicit dependency on target 'AppCheckCore' in project 'AppCheck'
        ➜ Explicit dependency on target 'GTMAppAuth' in project 'GTMAppAuth'
        ➜ Explicit dependency on target 'GTMSessionFetcherCore' in project 'GTMSessionFetcher'
    Target 'GoogleSignIn' in project 'GoogleSignIn'
        ➜ Explicit dependency on target 'GoogleSignIn_GoogleSignIn' in project 'GoogleSignIn'
        ➜ Explicit dependency on target 'AppAuth' in project 'AppAuth'
        ➜ Explicit dependency on target 'AppAuthCore' in project 'AppAuth'
        ➜ Explicit dependency on target 'AppCheckCore' in project 'AppCheck'
        ➜ Explicit dependency on target 'GTMAppAuth' in project 'GTMAppAuth'
        ➜ Explicit dependency on target 'GTMSessionFetcherCore' in project 'GTMSessionFetcher'
    Target 'GTMAppAuth' in project 'GTMAppAuth'
        ➜ Explicit dependency on target 'GTMAppAuth' in project 'GTMAppAuth'
        ➜ Explicit dependency on target 'GTMAppAuth_GTMAppAuth' in project 'GTMAppAuth'
        ➜ Explicit dependency on target 'GTMSessionFetcherCore' in project 'GTMSessionFetcher'
        ➜ Explicit dependency on target 'AppAuthCore' in project 'AppAuth'
    Target 'GTMAppAuth' in project 'GTMAppAuth'
        ➜ Explicit dependency on target 'GTMAppAuth_GTMAppAuth' in project 'GTMAppAuth'
        ➜ Explicit dependency on target 'GTMSessionFetcherCore' in project 'GTMSessionFetcher'
        ➜ Explicit dependency on target 'AppAuthCore' in project 'AppAuth'
    Target 'GTMSessionFetcherCore' in project 'GTMSessionFetcher'
        ➜ Explicit dependency on target 'GTMSessionFetcherCore' in project 'GTMSessionFetcher'
        ➜ Explicit dependency on target 'GTMSessionFetcher_GTMSessionFetcherCore' in project 'GTMSessionFetcher'
    Target 'GTMSessionFetcherCore' in project 'GTMSessionFetcher'
        ➜ Explicit dependency on target 'GTMSessionFetcher_GTMSessionFetcherCore' in project 'GTMSessionFetcher'
    Target 'GTMSessionFetcher_GTMSessionFetcherCore' in project 'GTMSessionFetcher' (no dependencies)
    Target 'GTMAppAuth_GTMAppAuth' in project 'GTMAppAuth' (no dependencies)
    Target 'AppCheckCore' in project 'AppCheck'
        ➜ Explicit dependency on target 'AppCheckCore' in project 'AppCheck'
        ➜ Explicit dependency on target 'FBLPromises' in project 'Promises'
        ➜ Explicit dependency on target 'GULEnvironment' in project 'GoogleUtilities'
        ➜ Explicit dependency on target 'GULUserDefaults' in project 'GoogleUtilities'
    Target 'AppCheckCore' in project 'AppCheck'
        ➜ Explicit dependency on target 'FBLPromises' in project 'Promises'
        ➜ Explicit dependency on target 'GULEnvironment' in project 'GoogleUtilities'
        ➜ Explicit dependency on target 'GULUserDefaults' in project 'GoogleUtilities'
    Target 'GULUserDefaults' in project 'GoogleUtilities'
        ➜ Explicit dependency on target 'GoogleUtilities-UserDefaults' in project 'GoogleUtilities'
        ➜ Explicit dependency on target 'GoogleUtilities_GoogleUtilities-UserDefaults' in project 'GoogleUtilities'
        ➜ Explicit dependency on target 'third-party-IsAppEncrypted' in project 'GoogleUtilities'
        ➜ Explicit dependency on target 'GoogleUtilities-Environment' in project 'GoogleUtilities'
        ➜ Explicit dependency on target 'GoogleUtilities-Logger' in project 'GoogleUtilities'
    Target 'GoogleUtilities-UserDefaults' in project 'GoogleUtilities'
        ➜ Explicit dependency on target 'GoogleUtilities_GoogleUtilities-UserDefaults' in project 'GoogleUtilities'
        ➜ Explicit dependency on target 'third-party-IsAppEncrypted' in project 'GoogleUtilities'
        ➜ Explicit dependency on target 'GoogleUtilities-Environment' in project 'GoogleUtilities'
        ➜ Explicit dependency on target 'GoogleUtilities-Logger' in project 'GoogleUtilities'
    Target 'GoogleUtilities-Logger' in project 'GoogleUtilities'
        ➜ Explicit dependency on target 'GoogleUtilities_GoogleUtilities-Logger' in project 'GoogleUtilities'
        ➜ Explicit dependency on target 'third-party-IsAppEncrypted' in project 'GoogleUtilities'
        ➜ Explicit dependency on target 'GoogleUtilities-Environment' in project 'GoogleUtilities'
    Target 'GoogleUtilities_GoogleUtilities-Logger' in project 'GoogleUtilities' (no dependencies)
    Target 'GoogleUtilities_GoogleUtilities-UserDefaults' in project 'GoogleUtilities' (no dependencies)
    Target 'GULEnvironment' in project 'GoogleUtilities'
        ➜ Explicit dependency on target 'GoogleUtilities-Environment' in project 'GoogleUtilities'
        ➜ Explicit dependency on target 'GoogleUtilities_GoogleUtilities-Environment' in project 'GoogleUtilities'
        ➜ Explicit dependency on target 'third-party-IsAppEncrypted' in project 'GoogleUtilities'
    Target 'GoogleUtilities-Environment' in project 'GoogleUtilities'
        ➜ Explicit dependency on target 'GoogleUtilities_GoogleUtilities-Environment' in project 'GoogleUtilities'
        ➜ Explicit dependency on target 'third-party-IsAppEncrypted' in project 'GoogleUtilities'
    Target 'third-party-IsAppEncrypted' in project 'GoogleUtilities' (no dependencies)
    Target 'GoogleUtilities_GoogleUtilities-Environment' in project 'GoogleUtilities' (no dependencies)
    Target 'FBLPromises' in project 'Promises'
        ➜ Explicit dependency on target 'FBLPromises' in project 'Promises'
        ➜ Explicit dependency on target 'Promises_FBLPromises' in project 'Promises'
    Target 'FBLPromises' in project 'Promises'
        ➜ Explicit dependency on target 'Promises_FBLPromises' in project 'Promises'
    Target 'Promises_FBLPromises' in project 'Promises' (no dependencies)
    Target 'AppAuthCore' in project 'AppAuth'
        ➜ Explicit dependency on target 'AppAuthCore' in project 'AppAuth'
        ➜ Explicit dependency on target 'AppAuth_AppAuthCore' in project 'AppAuth'
    Target 'AppAuth' in project 'AppAuth'
        ➜ Explicit dependency on target 'AppAuth' in project 'AppAuth'
        ➜ Explicit dependency on target 'AppAuth_AppAuth' in project 'AppAuth'
        ➜ Explicit dependency on target 'AppAuthCore' in project 'AppAuth'
    Target 'AppAuth' in project 'AppAuth'
        ➜ Explicit dependency on target 'AppAuth_AppAuth' in project 'AppAuth'
        ➜ Explicit dependency on target 'AppAuthCore' in project 'AppAuth'
    Target 'AppAuthCore' in project 'AppAuth'
        ➜ Explicit dependency on target 'AppAuth_AppAuthCore' in project 'AppAuth'
    Target 'AppAuth_AppAuthCore' in project 'AppAuth' (no dependencies)
    Target 'AppAuth_AppAuth' in project 'AppAuth' (no dependencies)
    Target 'GoogleSignIn_GoogleSignIn' in project 'GoogleSignIn' (no dependencies)

GatherProvisioningInputs

CreateBuildDescription

ClangStatCache /Applications/Xcode.app/Contents/Developer/Toolchains/XcodeDefault.xctoolchain/usr/bin/clang-stat-cache /Applications/Xcode.app/Contents/Developer/Platforms/iPhoneOS.platform/Developer/SDKs/iPhoneOS26.2.sdk /Users/justinseo/Library/Developer/Xcode/DerivedData/SDKStatCaches.noindex/iphoneos26.2-23C53-3885c01c3e6b6a337905948deab2002e3794476bd08197c3e2abd9bb477ef7f7.sdkstatcache
    cd /Users/justinseo/Desktop/fastblog/fastblog.xcodeproj
    /Applications/Xcode.app/Contents/Developer/Toolchains/XcodeDefault.xctoolchain/usr/bin/clang-stat-cache /Applications/Xcode.app/Contents/Developer/Platforms/iPhoneOS.platform/Developer/SDKs/iPhoneOS26.2.sdk -o /Users/justinseo/Library/Developer/Xcode/DerivedData/SDKStatCaches.noindex/iphoneos26.2-23C53-3885c01c3e6b6a337905948deab2002e3794476bd08197c3e2abd9bb477ef7f7.sdkstatcache

ProcessInfoPlistFile /Users/justinseo/Library/Developer/Xcode/DerivedData/fastblog-csaehbbathknksedjwjyyhidwbnx/Build/Products/Debug-iphoneos/Promises_FBLPromises.bundle/Info.plist /Users/justinseo/Library/Developer/Xcode/DerivedData/fastblog-csaehbbathknksedjwjyyhidwbnx/Build/Intermediates.noindex/Promises.build/Debug-iphoneos/Promises_FBLPromises.build/empty-Promises_FBLPromises.plist (in target 'Promises_FBLPromises' from project 'Promises')
    cd /Users/justinseo/Library/Developer/Xcode/DerivedData/fastblog-csaehbbathknksedjwjyyhidwbnx/SourcePackages/checkouts/promises
    builtin-infoPlistUtility /Users/justinseo/Library/Developer/Xcode/DerivedData/fastblog-csaehbbathknksedjwjyyhidwbnx/Build/Intermediates.noindex/Promises.build/Debug-iphoneos/Promises_FBLPromises.build/empty-Promises_FBLPromises.plist -producttype com.apple.product-type.bundle -expandbuildsettings -format binary -platform iphoneos -requiredArchitecture arm64 -o /Users/justinseo/Library/Developer/Xcode/DerivedData/fastblog-csaehbbathknksedjwjyyhidwbnx/Build/Products/Debug-iphoneos/Promises_FBLPromises.bundle/Info.plist

ProcessInfoPlistFile /Users/justinseo/Library/Developer/Xcode/DerivedData/fastblog-csaehbbathknksedjwjyyhidwbnx/Build/Products/Debug-iphoneos/GoogleUtilities_GoogleUtilities-Environment.bundle/Info.plist /Users/justinseo/Library/Developer/Xcode/DerivedData/fastblog-csaehbbathknksedjwjyyhidwbnx/Build/Intermediates.noindex/GoogleUtilities.build/Debug-iphoneos/GoogleUtilities_GoogleUtilities-Environment.build/empty-GoogleUtilities_GoogleUtilities-Environment.plist (in target 'GoogleUtilities_GoogleUtilities-Environment' from project 'GoogleUtilities')
    cd /Users/justinseo/Library/Developer/Xcode/DerivedData/fastblog-csaehbbathknksedjwjyyhidwbnx/SourcePackages/checkouts/GoogleUtilities
    builtin-infoPlistUtility /Users/justinseo/Library/Developer/Xcode/DerivedData/fastblog-csaehbbathknksedjwjyyhidwbnx/Build/Intermediates.noindex/GoogleUtilities.build/Debug-iphoneos/GoogleUtilities_GoogleUtilities-Environment.build/empty-GoogleUtilities_GoogleUtilities-Environment.plist -producttype com.apple.product-type.bundle -expandbuildsettings -format binary -platform iphoneos -requiredArchitecture arm64 -o /Users/justinseo/Library/Developer/Xcode/DerivedData/fastblog-csaehbbathknksedjwjyyhidwbnx/Build/Products/Debug-iphoneos/GoogleUtilities_GoogleUtilities-Environment.bundle/Info.plist

ProcessInfoPlistFile /Users/justinseo/Library/Developer/Xcode/DerivedData/fastblog-csaehbbathknksedjwjyyhidwbnx/Build/Products/Debug-iphoneos/GTMSessionFetcher_GTMSessionFetcherCore.bundle/Info.plist /Users/justinseo/Library/Developer/Xcode/DerivedData/fastblog-csaehbbathknksedjwjyyhidwbnx/Build/Intermediates.noindex/GTMSessionFetcher.build/Debug-iphoneos/GTMSessionFetcher_GTMSessionFetcherCore.build/empty-GTMSessionFetcher_GTMSessionFetcherCore.plist (in target 'GTMSessionFetcher_GTMSessionFetcherCore' from project 'GTMSessionFetcher')
    cd /Users/justinseo/Library/Developer/Xcode/DerivedData/fastblog-csaehbbathknksedjwjyyhidwbnx/SourcePackages/checkouts/gtm-session-fetcher
    builtin-infoPlistUtility /Users/justinseo/Library/Developer/Xcode/DerivedData/fastblog-csaehbbathknksedjwjyyhidwbnx/Build/Intermediates.noindex/GTMSessionFetcher.build/Debug-iphoneos/GTMSessionFetcher_GTMSessionFetcherCore.build/empty-GTMSessionFetcher_GTMSessionFetcherCore.plist -producttype com.apple.product-type.bundle -expandbuildsettings -format binary -platform iphoneos -requiredArchitecture arm64 -o /Users/justinseo/Library/Developer/Xcode/DerivedData/fastblog-csaehbbathknksedjwjyyhidwbnx/Build/Products/Debug-iphoneos/GTMSessionFetcher_GTMSessionFetcherCore.bundle/Info.plist

ProcessInfoPlistFile /Users/justinseo/Library/Developer/Xcode/DerivedData/fastblog-csaehbbathknksedjwjyyhidwbnx/Build/Products/Debug-iphoneos/AppAuth_AppAuthCore.bundle/Info.plist /Users/justinseo/Library/Developer/Xcode/DerivedData/fastblog-csaehbbathknksedjwjyyhidwbnx/Build/Intermediates.noindex/AppAuth.build/Debug-iphoneos/AppAuth_AppAuthCore.build/empty-AppAuth_AppAuthCore.plist (in target 'AppAuth_AppAuthCore' from project 'AppAuth')
    cd /Users/justinseo/Library/Developer/Xcode/DerivedData/fastblog-csaehbbathknksedjwjyyhidwbnx/SourcePackages/checkouts/AppAuth-iOS
    builtin-infoPlistUtility /Users/justinseo/Library/Developer/Xcode/DerivedData/fastblog-csaehbbathknksedjwjyyhidwbnx/Build/Intermediates.noindex/AppAuth.build/Debug-iphoneos/AppAuth_AppAuthCore.build/empty-AppAuth_AppAuthCore.plist -producttype com.apple.product-type.bundle -expandbuildsettings -format binary -platform iphoneos -requiredArchitecture arm64 -o /Users/justinseo/Library/Developer/Xcode/DerivedData/fastblog-csaehbbathknksedjwjyyhidwbnx/Build/Products/Debug-iphoneos/AppAuth_AppAuthCore.bundle/Info.plist

ProcessProductPackaging "" /Users/justinseo/Library/Developer/Xcode/DerivedData/fastblog-csaehbbathknksedjwjyyhidwbnx/Build/Intermediates.noindex/fastblog.build/Debug-iphoneos/Bloggo.build/Bloggo.app.xcent (in target 'Bloggo' from project 'fastblog')
    cd /Users/justinseo/Desktop/fastblog
    
    Entitlements:
    
    {
    "application-identifier" = "N3L5LBGNK2.com.fastblog.fastblog";
    "com.apple.developer.team-identifier" = N3L5LBGNK2;
    "get-task-allow" = 1;
}
    
    builtin-productPackagingUtility -entitlements -format xml -o /Users/justinseo/Library/Developer/Xcode/DerivedData/fastblog-csaehbbathknksedjwjyyhidwbnx/Build/Intermediates.noindex/fastblog.build/Debug-iphoneos/Bloggo.build/Bloggo.app.xcent

ProcessProductPackagingDER /Users/justinseo/Library/Developer/Xcode/DerivedData/fastblog-csaehbbathknksedjwjyyhidwbnx/Build/Intermediates.noindex/fastblog.build/Debug-iphoneos/Bloggo.build/Bloggo.app.xcent /Users/justinseo/Library/Developer/Xcode/DerivedData/fastblog-csaehbbathknksedjwjyyhidwbnx/Build/Intermediates.noindex/fastblog.build/Debug-iphoneos/Bloggo.build/Bloggo.app.xcent.der (in target 'Bloggo' from project 'fastblog')
    cd /Users/justinseo/Desktop/fastblog
    /usr/bin/derq query -f xml -i /Users/justinseo/Library/Developer/Xcode/DerivedData/fastblog-csaehbbathknksedjwjyyhidwbnx/Build/Intermediates.noindex/fastblog.build/Debug-iphoneos/Bloggo.build/Bloggo.app.xcent -o /Users/justinseo/Library/Developer/Xcode/DerivedData/fastblog-csaehbbathknksedjwjyyhidwbnx/Build/Intermediates.noindex/fastblog.build/Debug-iphoneos/Bloggo.build/Bloggo.app.xcent.der --raw

SwiftDriver Bloggo normal arm64 com.apple.xcode.tools.swift.compiler (in target 'Bloggo' from project 'fastblog')
    cd /Users/justinseo/Desktop/fastblog
    builtin-SwiftDriver -- /Applications/Xcode.app/Contents/Developer/Toolchains/XcodeDefault.xctoolchain/usr/bin/swiftc -module-name Bloggo -Onone -enforce-exclusivity\=checked @/Users/justinseo/Library/Developer/Xcode/DerivedData/fastblog-csaehbbathknksedjwjyyhidwbnx/Build/Intermediates.noindex/fastblog.build/Debug-iphoneos/Bloggo.build/Objects-normal/arm64/Bloggo.SwiftFileList -DDEBUG -Xcc -fmodule-map-file\=/Users/justinseo/Library/Developer/Xcode/DerivedData/fastblog-csaehbbathknksedjwjyyhidwbnx/Build/Intermediates.noindex/GeneratedModuleMaps-iphoneos/AppAuth.modulemap -Xcc -fmodule-map-file\=/Users/justinseo/Library/Developer/Xcode/DerivedData/fastblog-csaehbbathknksedjwjyyhidwbnx/Build/Intermediates.noindex/GeneratedModuleMaps-iphoneos/AppAuthCore.modulemap -Xcc -fmodule-map-file\=/Users/justinseo/Library/Developer/Xcode/DerivedData/fastblog-csaehbbathknksedjwjyyhidwbnx/Build/Intermediates.noindex/GeneratedModuleMaps-iphoneos/GoogleUtilities-Logger.modulemap -Xcc -fmodule-map-file\=/Users/justinseo/Library/Developer/Xcode/DerivedData/fastblog-csaehbbathknksedjwjyyhidwbnx/Build/Intermediates.noindex/GeneratedModuleMaps-iphoneos/GoogleUtilities-Environment.modulemap -Xcc -fmodule-map-file\=/Users/justinseo/Library/Developer/Xcode/DerivedData/fastblog-csaehbbathknksedjwjyyhidwbnx/Build/Intermediates.noindex/GeneratedModuleMaps-iphoneos/third-party-IsAppEncrypted.modulemap -Xcc -fmodule-map-file\=/Users/justinseo/Library/Developer/Xcode/DerivedData/fastblog-csaehbbathknksedjwjyyhidwbnx/Build/Intermediates.noindex/GeneratedModuleMaps-iphoneos/GoogleUtilities-UserDefaults.modulemap -Xcc -fmodule-map-file\=/Users/justinseo/Library/Developer/Xcode/DerivedData/fastblog-csaehbbathknksedjwjyyhidwbnx/Build/Intermediates.noindex/GeneratedModuleMaps-iphoneos/AppCheckCore.modulemap -Xcc -fmodule-map-file\=/Users/justinseo/Library/Developer/Xcode/DerivedData/fastblog-csaehbbathknksedjwjyyhidwbnx/Build/Intermediates.noindex/GeneratedModuleMaps-iphoneos/GTMSessionFetcherCore.modulemap -Xcc -fmodule-map-file\=/Users/justinseo/Library/Developer/Xcode/DerivedData/fastblog-csaehbbathknksedjwjyyhidwbnx/Build/Intermediates.noindex/GeneratedModuleMaps-iphoneos/GoogleSignIn.modulemap -enable-bare-slash-regex -enable-experimental-feature DebugDescriptionMacro -sdk /Applications/Xcode.app/Contents/Developer/Platforms/iPhoneOS.platform/Developer/SDKs/iPhoneOS26.2.sdk -target arm64-apple-ios17.0 -g -module-cache-path /Users/justinseo/Library/Developer/Xcode/DerivedData/ModuleCache.noindex -Xfrontend -serialize-debugging-options -index-store-path /Users/justinseo/Library/Developer/Xcode/DerivedData/fastblog-csaehbbathknksedjwjyyhidwbnx/Index.noindex/DataStore -Xcc -D_LIBCPP_HARDENING_MODE\=_LIBCPP_HARDENING_MODE_DEBUG -swift-version 5 -I /Users/justinseo/Library/Developer/Xcode/DerivedData/fastblog-csaehbbathknksedjwjyyhidwbnx/Build/Products/Debug-iphoneos -F /Users/justinseo/Library/Developer/Xcode/DerivedData/fastblog-csaehbbathknksedjwjyyhidwbnx/Build/Products/Debug-iphoneos/PackageFrameworks -F /Users/justinseo/Library/Developer/Xcode/DerivedData/fastblog-csaehbbathknksedjwjyyhidwbnx/Build/Products/Debug-iphoneos/PackageFrameworks -F /Users/justinseo/Library/Developer/Xcode/DerivedData/fastblog-csaehbbathknksedjwjyyhidwbnx/Build/Products/Debug-iphoneos/PackageFrameworks -F /Users/justinseo/Library/Developer/Xcode/DerivedData/fastblog-csaehbbathknksedjwjyyhidwbnx/Build/Products/Debug-iphoneos/PackageFrameworks -F /Users/justinseo/Library/Developer/Xcode/DerivedData/fastblog-csaehbbathknksedjwjyyhidwbnx/Build/Products/Debug-iphoneos/PackageFrameworks -F /Users/justinseo/Library/Developer/Xcode/DerivedData/fastblog-csaehbbathknksedjwjyyhidwbnx/Build/Products/Debug-iphoneos/PackageFrameworks -F /Users/justinseo/Library/Developer/Xcode/DerivedData/fastblog-csaehbbathknksedjwjyyhidwbnx/Build/Products/Debug-iphoneos/PackageFrameworks -F /Users/justinseo/Library/Developer/Xcode/DerivedData/fastblog-csaehbbathknksedjwjyyhidwbnx/Build/Products/Debug-iphoneos/PackageFrameworks -F /Users/justinseo/Library/Developer/Xcode/DerivedData/fastblog-csaehbbathknksedjwjyyhidwbnx/Build/Products/Debug-iphoneos/PackageFrameworks -F /Users/justinseo/Library/Developer/Xcode/DerivedData/fastblog-csaehbbathknksedjwjyyhidwbnx/Build/Products/Debug-iphoneos/PackageFrameworks -F /Users/justinseo/Library/Developer/Xcode/DerivedData/fastblog-csaehbbathknksedjwjyyhidwbnx/Build/Products/Debug-iphoneos/PackageFrameworks -F /Users/justinseo/Library/Developer/Xcode/DerivedData/fastblog-csaehbbathknksedjwjyyhidwbnx/Build/Products/Debug-iphoneos -emit-localized-strings -emit-localized-strings-path /Users/justinseo/Library/Developer/Xcode/DerivedData/fastblog-csaehbbathknksedjwjyyhidwbnx/Build/Intermediates.noindex/fastblog.build/Debug-iphoneos/Bloggo.build/Objects-normal/arm64 -c -j12 -enable-batch-mode -incremental -Xcc -ivfsstatcache -Xcc /Users/justinseo/Library/Developer/Xcode/DerivedData/SDKStatCaches.noindex/iphoneos26.2-23C53-3885c01c3e6b6a337905948deab2002e3794476bd08197c3e2abd9bb477ef7f7.sdkstatcache -output-file-map /Users/justinseo/Library/Developer/Xcode/DerivedData/fastblog-csaehbbathknksedjwjyyhidwbnx/Build/Intermediates.noindex/fastblog.build/Debug-iphoneos/Bloggo.build/Objects-normal/arm64/Bloggo-OutputFileMap.json -use-frontend-parseable-output -save-temps -no-color-diagnostics -explicit-module-build -module-cache-path /Users/justinseo/Library/Developer/Xcode/DerivedData/fastblog-csaehbbathknksedjwjyyhidwbnx/Build/Intermediates.noindex/SwiftExplicitPrecompiledModules -clang-scanner-module-cache-path /Users/justinseo/Library/Developer/Xcode/DerivedData/ModuleCache.noindex -sdk-module-cache-path /Users/justinseo/Library/Developer/Xcode/DerivedData/ModuleCache.noindex -serialize-diagnostics -emit-dependencies -emit-module -emit-module-path /Users/justinseo/Library/Developer/Xcode/DerivedData/fastblog-csaehbbathknksedjwjyyhidwbnx/Build/Intermediates.noindex/fastblog.build/Debug-iphoneos/Bloggo.build/Objects-normal/arm64/Bloggo.swiftmodule -validate-clang-modules-once -clang-build-session-file /Users/justinseo/Library/Developer/Xcode/DerivedData/ModuleCache.noindex/Session.modulevalidation -Xcc -I/Users/justinseo/Library/Developer/Xcode/DerivedData/fastblog-csaehbbathknksedjwjyyhidwbnx/Build/Intermediates.noindex/fastblog.build/Debug-iphoneos/Bloggo.build/swift-overrides.hmap -emit-const-values -Xfrontend -const-gather-protocols-file -Xfrontend /Users/justinseo/Library/Developer/Xcode/DerivedData/fastblog-csaehbbathknksedjwjyyhidwbnx/Build/Intermediates.noindex/fastblog.build/Debug-iphoneos/Bloggo.build/Objects-normal/arm64/Bloggo_const_extract_protocols.json -Xcc -iquote -Xcc /Users/justinseo/Library/Developer/Xcode/DerivedData/fastblog-csaehbbathknksedjwjyyhidwbnx/Build/Intermediates.noindex/fastblog.build/Debug-iphoneos/Bloggo.build/Bloggo-generated-files.hmap -Xcc -I/Users/justinseo/Library/Developer/Xcode/DerivedData/fastblog-csaehbbathknksedjwjyyhidwbnx/Build/Intermediates.noindex/fastblog.build/Debug-iphoneos/Bloggo.build/Bloggo-own-target-headers.hmap -Xcc -I/Users/justinseo/Library/Developer/Xcode/DerivedData/fastblog-csaehbbathknksedjwjyyhidwbnx/Build/Intermediates.noindex/fastblog.build/Debug-iphoneos/Bloggo.build/Bloggo-all-non-framework-target-headers.hmap -Xcc -ivfsoverlay -Xcc /Users/justinseo/Library/Developer/Xcode/DerivedData/fastblog-csaehbbathknksedjwjyyhidwbnx/Build/Intermediates.noindex/fastblog.build/Debug-iphoneos/fastblog-3c8623417a5f33acebf98d8fcf42ca8d-VFS-iphoneos/all-product-headers.yaml -Xcc -iquote -Xcc /Users/justinseo/Library/Developer/Xcode/DerivedData/fastblog-csaehbbathknksedjwjyyhidwbnx/Build/Intermediates.noindex/fastblog.build/Debug-iphoneos/Bloggo.build/Bloggo-project-headers.hmap -Xcc -I/Users/justinseo/Library/Developer/Xcode/DerivedData/fastblog-csaehbbathknksedjwjyyhidwbnx/SourcePackages/checkouts/AppAuth-iOS/Sources/AppAuth -Xcc -I/Users/justinseo/Library/Developer/Xcode/DerivedData/fastblog-csaehbbathknksedjwjyyhidwbnx/SourcePackages/checkouts/AppAuth-iOS/Sources/AppAuthCore -Xcc -I/Users/justinseo/Library/Developer/Xcode/DerivedData/fastblog-csaehbbathknksedjwjyyhidwbnx/SourcePackages/checkouts/promises/Sources/FBLPromises/include -Xcc -I/Users/justinseo/Library/Developer/Xcode/DerivedData/fastblog-csaehbbathknksedjwjyyhidwbnx/SourcePackages/checkouts/GoogleUtilities/GoogleUtilities/Logger/Public -Xcc -I/Users/justinseo/Library/Developer/Xcode/DerivedData/fastblog-csaehbbathknksedjwjyyhidwbnx/SourcePackages/checkouts/GoogleUtilities/GoogleUtilities/Environment/Public -Xcc -I/Users/justinseo/Library/Developer/Xcode/DerivedData/fastblog-csaehbbathknksedjwjyyhidwbnx/SourcePackages/checkouts/GoogleUtilities/third_party/IsAppEncrypted/Public -Xcc -I/Users/justinseo/Library/Developer/Xcode/DerivedData/fastblog-csaehbbathknksedjwjyyhidwbnx/SourcePackages/checkouts/GoogleUtilities/GoogleUtilities/UserDefaults/Public -Xcc -I/Users/justinseo/Library/Developer/Xcode/DerivedData/fastblog-csaehbbathknksedjwjyyhidwbnx/SourcePackages/checkouts/app-check/AppCheckCore/Sources/Public -Xcc -I/Users/justinseo/Library/Developer/Xcode/DerivedData/fastblog-csaehbbathknksedjwjyyhidwbnx/SourcePackages/checkouts/gtm-session-fetcher/Sources/Core/Public -Xcc -I/Users/justinseo/Library/Developer/Xcode/DerivedData/fastblog-csaehbbathknksedjwjyyhidwbnx/SourcePackages/checkouts/GoogleSignIn-iOS/GoogleSignIn/Sources/Public -Xcc -I/Users/justinseo/Library/Developer/Xcode/DerivedData/fastblog-csaehbbathknksedjwjyyhidwbnx/Build/Products/Debug-iphoneos/include -Xcc -I/Users/justinseo/Library/Developer/Xcode/DerivedData/fastblog-csaehbbathknksedjwjyyhidwbnx/Build/Intermediates.noindex/fastblog.build/Debug-iphoneos/Bloggo.build/DerivedSources-normal/arm64 -Xcc -I/Users/justinseo/Library/Developer/Xcode/DerivedData/fastblog-csaehbbathknksedjwjyyhidwbnx/Build/Intermediates.noindex/fastblog.build/Debug-iphoneos/Bloggo.build/DerivedSources/arm64 -Xcc -I/Users/justinseo/Library/Developer/Xcode/DerivedData/fastblog-csaehbbathknksedjwjyyhidwbnx/Build/Intermediates.noindex/fastblog.build/Debug-iphoneos/Bloggo.build/DerivedSources -Xcc -DDEBUG\=1 -emit-objc-header -emit-objc-header-path /Users/justinseo/Library/Developer/Xcode/DerivedData/fastblog-csaehbbathknksedjwjyyhidwbnx/Build/Intermediates.noindex/fastblog.build/Debug-iphoneos/Bloggo.build/Objects-normal/arm64/Bloggo-Swift.h -working-directory /Users/justinseo/Desktop/fastblog -experimental-emit-module-separately -disable-cmo

ProcessInfoPlistFile /Users/justinseo/Library/Developer/Xcode/DerivedData/fastblog-csaehbbathknksedjwjyyhidwbnx/Build/Products/Debug-iphoneos/GoogleUtilities_GoogleUtilities-Logger.bundle/Info.plist /Users/justinseo/Library/Developer/Xcode/DerivedData/fastblog-csaehbbathknksedjwjyyhidwbnx/Build/Intermediates.noindex/GoogleUtilities.build/Debug-iphoneos/GoogleUtilities_GoogleUtilities-Logger.build/empty-GoogleUtilities_GoogleUtilities-Logger.plist (in target 'GoogleUtilities_GoogleUtilities-Logger' from project 'GoogleUtilities')
    cd /Users/justinseo/Library/Developer/Xcode/DerivedData/fastblog-csaehbbathknksedjwjyyhidwbnx/SourcePackages/checkouts/GoogleUtilities
    builtin-infoPlistUtility /Users/justinseo/Library/Developer/Xcode/DerivedData/fastblog-csaehbbathknksedjwjyyhidwbnx/Build/Intermediates.noindex/GoogleUtilities.build/Debug-iphoneos/GoogleUtilities_GoogleUtilities-Logger.build/empty-GoogleUtilities_GoogleUtilities-Logger.plist -producttype com.apple.product-type.bundle -expandbuildsettings -format binary -platform iphoneos -requiredArchitecture arm64 -o /Users/justinseo/Library/Developer/Xcode/DerivedData/fastblog-csaehbbathknksedjwjyyhidwbnx/Build/Products/Debug-iphoneos/GoogleUtilities_GoogleUtilities-Logger.bundle/Info.plist

ProcessInfoPlistFile /Users/justinseo/Library/Developer/Xcode/DerivedData/fastblog-csaehbbathknksedjwjyyhidwbnx/Build/Products/Debug-iphoneos/AppAuth_AppAuth.bundle/Info.plist /Users/justinseo/Library/Developer/Xcode/DerivedData/fastblog-csaehbbathknksedjwjyyhidwbnx/Build/Intermediates.noindex/AppAuth.build/Debug-iphoneos/AppAuth_AppAuth.build/empty-AppAuth_AppAuth.plist (in target 'AppAuth_AppAuth' from project 'AppAuth')
    cd /Users/justinseo/Library/Developer/Xcode/DerivedData/fastblog-csaehbbathknksedjwjyyhidwbnx/SourcePackages/checkouts/AppAuth-iOS
    builtin-infoPlistUtility /Users/justinseo/Library/Developer/Xcode/DerivedData/fastblog-csaehbbathknksedjwjyyhidwbnx/Build/Intermediates.noindex/AppAuth.build/Debug-iphoneos/AppAuth_AppAuth.build/empty-AppAuth_AppAuth.plist -producttype com.apple.product-type.bundle -expandbuildsettings -format binary -platform iphoneos -requiredArchitecture arm64 -o /Users/justinseo/Library/Developer/Xcode/DerivedData/fastblog-csaehbbathknksedjwjyyhidwbnx/Build/Products/Debug-iphoneos/AppAuth_AppAuth.bundle/Info.plist

ProcessInfoPlistFile /Users/justinseo/Library/Developer/Xcode/DerivedData/fastblog-csaehbbathknksedjwjyyhidwbnx/Build/Products/Debug-iphoneos/GTMAppAuth_GTMAppAuth.bundle/Info.plist /Users/justinseo/Library/Developer/Xcode/DerivedData/fastblog-csaehbbathknksedjwjyyhidwbnx/Build/Intermediates.noindex/GTMAppAuth.build/Debug-iphoneos/GTMAppAuth_GTMAppAuth.build/empty-GTMAppAuth_GTMAppAuth.plist (in target 'GTMAppAuth_GTMAppAuth' from project 'GTMAppAuth')
    cd /Users/justinseo/Library/Developer/Xcode/DerivedData/fastblog-csaehbbathknksedjwjyyhidwbnx/SourcePackages/checkouts/GTMAppAuth
    builtin-infoPlistUtility /Users/justinseo/Library/Developer/Xcode/DerivedData/fastblog-csaehbbathknksedjwjyyhidwbnx/Build/Intermediates.noindex/GTMAppAuth.build/Debug-iphoneos/GTMAppAuth_GTMAppAuth.build/empty-GTMAppAuth_GTMAppAuth.plist -producttype com.apple.product-type.bundle -expandbuildsettings -format binary -platform iphoneos -requiredArchitecture arm64 -o /Users/justinseo/Library/Developer/Xcode/DerivedData/fastblog-csaehbbathknksedjwjyyhidwbnx/Build/Products/Debug-iphoneos/GTMAppAuth_GTMAppAuth.bundle/Info.plist

ProcessInfoPlistFile /Users/justinseo/Library/Developer/Xcode/DerivedData/fastblog-csaehbbathknksedjwjyyhidwbnx/Build/Products/Debug-iphoneos/GoogleUtilities_GoogleUtilities-UserDefaults.bundle/Info.plist /Users/justinseo/Library/Developer/Xcode/DerivedData/fastblog-csaehbbathknksedjwjyyhidwbnx/Build/Intermediates.noindex/GoogleUtilities.build/Debug-iphoneos/GoogleUtilities_GoogleUtilities-UserDefaults.build/empty-GoogleUtilities_GoogleUtilities-UserDefaults.plist (in target 'GoogleUtilities_GoogleUtilities-UserDefaults' from project 'GoogleUtilities')
    cd /Users/justinseo/Library/Developer/Xcode/DerivedData/fastblog-csaehbbathknksedjwjyyhidwbnx/SourcePackages/checkouts/GoogleUtilities
    builtin-infoPlistUtility /Users/justinseo/Library/Developer/Xcode/DerivedData/fastblog-csaehbbathknksedjwjyyhidwbnx/Build/Intermediates.noindex/GoogleUtilities.build/Debug-iphoneos/GoogleUtilities_GoogleUtilities-UserDefaults.build/empty-GoogleUtilities_GoogleUtilities-UserDefaults.plist -producttype com.apple.product-type.bundle -expandbuildsettings -format binary -platform iphoneos -requiredArchitecture arm64 -o /Users/justinseo/Library/Developer/Xcode/DerivedData/fastblog-csaehbbathknksedjwjyyhidwbnx/Build/Products/Debug-iphoneos/GoogleUtilities_GoogleUtilities-UserDefaults.bundle/Info.plist

ProcessInfoPlistFile /Users/justinseo/Library/Developer/Xcode/DerivedData/fastblog-csaehbbathknksedjwjyyhidwbnx/Build/Products/Debug-iphoneos/GoogleSignIn_GoogleSignIn.bundle/Info.plist /Users/justinseo/Library/Developer/Xcode/DerivedData/fastblog-csaehbbathknksedjwjyyhidwbnx/Build/Intermediates.noindex/GoogleSignIn.build/Debug-iphoneos/GoogleSignIn_GoogleSignIn.build/empty-GoogleSignIn_GoogleSignIn.plist (in target 'GoogleSignIn_GoogleSignIn' from project 'GoogleSignIn')
    cd /Users/justinseo/Library/Developer/Xcode/DerivedData/fastblog-csaehbbathknksedjwjyyhidwbnx/SourcePackages/checkouts/GoogleSignIn-iOS
    builtin-infoPlistUtility /Users/justinseo/Library/Developer/Xcode/DerivedData/fastblog-csaehbbathknksedjwjyyhidwbnx/Build/Intermediates.noindex/GoogleSignIn.build/Debug-iphoneos/GoogleSignIn_GoogleSignIn.build/empty-GoogleSignIn_GoogleSignIn.plist -producttype com.apple.product-type.bundle -expandbuildsettings -format binary -platform iphoneos -requiredArchitecture arm64 -o /Users/justinseo/Library/Developer/Xcode/DerivedData/fastblog-csaehbbathknksedjwjyyhidwbnx/Build/Products/Debug-iphoneos/GoogleSignIn_GoogleSignIn.bundle/Info.plist

ProcessInfoPlistFile /Users/justinseo/Library/Developer/Xcode/DerivedData/fastblog-csaehbbathknksedjwjyyhidwbnx/Build/Products/Debug-iphoneos/Bloggo.app/Info.plist /Users/justinseo/Desktop/fastblog/fastblog/Info.plist (in target 'Bloggo' from project 'fastblog')
    cd /Users/justinseo/Desktop/fastblog
    builtin-infoPlistUtility /Users/justinseo/Desktop/fastblog/fastblog/Info.plist -producttype com.apple.product-type.application -genpkginfo /Users/justinseo/Library/Developer/Xcode/DerivedData/fastblog-csaehbbathknksedjwjyyhidwbnx/Build/Products/Debug-iphoneos/Bloggo.app/PkgInfo -expandbuildsettings -format binary -platform iphoneos -additionalcontentfile /Users/justinseo/Library/Developer/Xcode/DerivedData/fastblog-csaehbbathknksedjwjyyhidwbnx/Build/Intermediates.noindex/fastblog.build/Debug-iphoneos/Bloggo.build/assetcatalog_generated_info.plist -scanforprivacyfile /Users/justinseo/Library/Developer/Xcode/DerivedData/fastblog-csaehbbathknksedjwjyyhidwbnx/Build/Products/Debug-iphoneos/Bloggo.app/AppAuth_AppAuth.bundle -scanforprivacyfile /Users/justinseo/Library/Developer/Xcode/DerivedData/fastblog-csaehbbathknksedjwjyyhidwbnx/Build/Products/Debug-iphoneos/Bloggo.app/AppAuth_AppAuthCore.bundle -scanforprivacyfile /Users/justinseo/Library/Developer/Xcode/DerivedData/fastblog-csaehbbathknksedjwjyyhidwbnx/Build/Products/Debug-iphoneos/Bloggo.app/GTMAppAuth_GTMAppAuth.bundle -scanforprivacyfile /Users/justinseo/Library/Developer/Xcode/DerivedData/fastblog-csaehbbathknksedjwjyyhidwbnx/Build/Products/Debug-iphoneos/Bloggo.app/GTMSessionFetcher_GTMSessionFetcherCore.bundle -scanforprivacyfile /Users/justinseo/Library/Developer/Xcode/DerivedData/fastblog-csaehbbathknksedjwjyyhidwbnx/Build/Products/Debug-iphoneos/Bloggo.app/GoogleSignIn_GoogleSignIn.bundle -scanforprivacyfile /Users/justinseo/Library/Developer/Xcode/DerivedData/fastblog-csaehbbathknksedjwjyyhidwbnx/Build/Products/Debug-iphoneos/Bloggo.app/GoogleUtilities_GoogleUtilities-Environment.bundle -scanforprivacyfile /Users/justinseo/Library/Developer/Xcode/DerivedData/fastblog-csaehbbathknksedjwjyyhidwbnx/Build/Products/Debug-iphoneos/Bloggo.app/GoogleUtilities_GoogleUtilities-Logger.bundle -scanforprivacyfile /Users/justinseo/Library/Developer/Xcode/DerivedData/fastblog-csaehbbathknksedjwjyyhidwbnx/Build/Products/Debug-iphoneos/Bloggo.app/GoogleUtilities_GoogleUtilities-UserDefaults.bundle -scanforprivacyfile /Users/justinseo/Library/Developer/Xcode/DerivedData/fastblog-csaehbbathknksedjwjyyhidwbnx/Build/Products/Debug-iphoneos/Bloggo.app/Promises_FBLPromises.bundle -requiredArchitecture arm64 -o /Users/justinseo/Library/Developer/Xcode/DerivedData/fastblog-csaehbbathknksedjwjyyhidwbnx/Build/Products/Debug-iphoneos/Bloggo.app/Info.plist

SwiftCompile normal arm64 Compiling\ RecapBlogPageView.swift /Users/justinseo/Desktop/fastblog/fastblog/Views/RecapBlogPageView.swift (in target 'Bloggo' from project 'fastblog')

SwiftCompile normal arm64 /Users/justinseo/Desktop/fastblog/fastblog/Views/RecapBlogPageView.swift (in target 'Bloggo' from project 'fastblog')
    cd /Users/justinseo/Desktop/fastblog
    
/Users/justinseo/Desktop/fastblog/fastblog/Views/RecapBlogPageView.swift:599:18: error: instance member 'sheet' cannot be used on type 'View'
                .sheet(isPresented: Binding(
                ~^~~~~
/Users/justinseo/Desktop/fastblog/fastblog/Views/RecapBlogPageView.swift:599:18: error: type '()' cannot conform to 'View'
                .sheet(isPresented: Binding(
                 ^
/Users/justinseo/Desktop/fastblog/fastblog/Views/RecapBlogPageView.swift:599:18: note: only concrete types such as structs, enums and classes can conform to protocols
                .sheet(isPresented: Binding(
                 ^
/Users/justinseo/Desktop/fastblog/fastblog/Views/RecapBlogPageView.swift:599:18: note: required by instance method 'sheet(isPresented:onDismiss:content:)' where 'Content' = '()'
                .sheet(isPresented: Binding(
                 ^

Failed frontend command:
/Applications/Xcode.app/Contents/Developer/Toolchains/XcodeDefault.xctoolchain/usr/bin/swift-frontend -frontend -c -filelist /Users/justinseo/Library/Developer/Xcode/DerivedData/fastblog-csaehbbathknksedjwjyyhidwbnx/Build/Intermediates.noindex/fastblog.build/Debug-iphoneos/Bloggo.build/Objects-normal/arm64/sources-1 -primary-file /Users/justinseo/Desktop/fastblog/fastblog/Views/RecapBlogPageView.swift -emit-dependencies-path /Users/justinseo/Library/Developer/Xcode/DerivedData/fastblog-csaehbbathknksedjwjyyhidwbnx/Build/Intermediates.noindex/fastblog.build/Debug-iphoneos/Bloggo.build/Objects-normal/arm64/RecapBlogPageView.d -emit-const-values-path /Users/justinseo/Library/Developer/Xcode/DerivedData/fastblog-csaehbbathknksedjwjyyhidwbnx/Build/Intermediates.noindex/fastblog.build/Debug-iphoneos/Bloggo.build/Objects-normal/arm64/RecapBlogPageView.swiftconstvalues -emit-reference-dependencies-path /Users/justinseo/Library/Developer/Xcode/DerivedData/fastblog-csaehbbathknksedjwjyyhidwbnx/Build/Intermediates.noindex/fastblog.build/Debug-iphoneos/Bloggo.build/Objects-normal/arm64/RecapBlogPageView.swiftdeps -serialize-diagnostics-path /Users/justinseo/Library/Developer/Xcode/DerivedData/fastblog-csaehbbathknksedjwjyyhidwbnx/Build/Intermediates.noindex/fastblog.build/Debug-iphoneos/Bloggo.build/Objects-normal/arm64/RecapBlogPageView.dia -emit-localized-strings -emit-localized-strings-path /Users/justinseo/Library/Developer/Xcode/DerivedData/fastblog-csaehbbathknksedjwjyyhidwbnx/Build/Intermediates.noindex/fastblog.build/Debug-iphoneos/Bloggo.build/Objects-normal/arm64 -target arm64-apple-ios17.0 -module-can-import-version DeveloperToolsSupport 23.0.4 23.0.4 -module-can-import-version FoundationModels 1.1.7 0 -module-can-import GoogleSignIn -disable-cross-import-overlay-search -swift-module-cross-import AuthenticationServices /Applications/Xcode.app/Contents/Developer/Platforms/iPhoneOS.platform/Developer/SDKs/iPhoneOS.sdk/System/Cryptexes/OS/System/Library/Frameworks/AuthenticationServices.framework/Modules/AuthenticationServices.swiftcrossimport/SwiftUI.swiftoverlay -swift-module-cross-import AuthenticationServices /Applications/Xcode.app/Contents/Developer/Platforms/iPhoneOS.platform/Developer/SDKs/iPhoneOS26.2.sdk/System/Library/Frameworks/AuthenticationServices.framework/Modules/AuthenticationServices.swiftcrossimport/SwiftUI.swiftoverlay -swift-module-cross-import MapKit /Applications/Xcode.app/Contents/Developer/Platforms/iPhoneOS.platform/Developer/SDKs/iPhoneOS.sdk/System/Library/Frameworks/MapKit.framework/Modules/MapKit.swiftcrossimport/SwiftUI.swiftoverlay -swift-module-cross-import PhotosUI /Applications/Xcode.app/Contents/Developer/Platforms/iPhoneOS.platform/Developer/SDKs/iPhoneOS.sdk/System/Library/Frameworks/PhotosUI.framework/Modules/PhotosUI.swiftcrossimport/SwiftUI.swiftoverlay -swift-module-cross-import PhotosUI /Applications/Xcode.app/Contents/Developer/Platforms/iPhoneOS.platform/Developer/SDKs/iPhoneOS.sdk/System/Library/Frameworks/PhotosUI.framework/Modules/PhotosUI.swiftcrossimport/WidgetKit.swiftoverlay -swift-module-cross-import PhotosUI /Applications/Xcode.app/Contents/Developer/Platforms/iPhoneOS.platform/Developer/SDKs/iPhoneOS26.2.sdk/System/Library/Frameworks/PhotosUI.framework/Modules/PhotosUI.swiftcrossimport/SwiftUI.swiftoverlay -swift-module-cross-import PhotosUI /Applications/Xcode.app/Contents/Developer/Platforms/iPhoneOS.platform/Developer/SDKs/iPhoneOS26.2.sdk/System/Library/Frameworks/PhotosUI.framework/Modules/PhotosUI.swiftcrossimport/WidgetKit.swiftoverlay -swift-module-cross-import StoreKit /Applications/Xcode.app/Contents/Developer/Platforms/iPhoneOS.platform/Developer/SDKs/iPhoneOS.sdk/System/Library/Frameworks/StoreKit.framework/Modules/StoreKit.swiftcrossimport/SwiftUI.swiftoverlay -swift-module-cross-import StoreKit /Applications/Xcode.app/Contents/Developer/Platforms/iPhoneOS.platform/Developer/SDKs/iPhoneOS26.2.sdk/System/Library/Frameworks/StoreKit.framework/Modules/StoreKit.swiftcrossimport/SwiftUI.swiftoverlay -load-resolved-plugin /Applications/Xcode.app/Contents/Developer/Platforms/iPhoneOS.platform/Developer/usr/lib/swift/host/plugins/libFoundationMacros.dylib\#/Applications/Xcode.app/Contents/Developer/Platforms/iPhoneOS.platform/Developer/usr/bin/swift-plugin-server\#FoundationMacros -load-resolved-plugin /Applications/Xcode.app/Contents/Developer/Platforms/iPhoneOS.platform/Developer/usr/lib/swift/host/plugins/libFoundationModelsMacros.dylib\#/Applications/Xcode.app/Contents/Developer/Platforms/iPhoneOS.platform/Developer/usr/bin/swift-plugin-server\#FoundationModelsMacros -load-resolved-plugin /Applications/Xcode.app/Contents/Developer/Platforms/iPhoneOS.platform/Developer/usr/lib/swift/host/plugins/libObservationMacros.dylib\#/Applications/Xcode.app/Contents/Developer/Platforms/iPhoneOS.platform/Developer/usr/bin/swift-plugin-server\#ObservationMacros -load-resolved-plugin /Applications/Xcode.app/Contents/Developer/Platforms/iPhoneOS.platform/Developer/usr/lib/swift/host/plugins/libPreviewsMacros.dylib\#/Applications/Xcode.app/Contents/Developer/Platforms/iPhoneOS.platform/Developer/usr/bin/swift-plugin-server\#PreviewsMacros -load-resolved-plugin /Applications/Xcode.app/Contents/Developer/Platforms/iPhoneOS.platform/Developer/usr/lib/swift/host/plugins/libSwiftMacros.dylib\#/Applications/Xcode.app/Contents/Developer/Platforms/iPhoneOS.platform/Developer/usr/bin/swift-plugin-server\#SwiftMacros -load-resolved-plugin /Applications/Xcode.app/Contents/Developer/Platforms/iPhoneOS.platform/Developer/usr/lib/swift/host/plugins/libSwiftUIMacros.dylib\#/Applications/Xcode.app/Contents/Developer/Platforms/iPhoneOS.platform/Developer/usr/bin/swift-plugin-server\#SwiftUIMacros -disable-implicit-swift-modules -Xcc -fno-implicit-modules -Xcc -fno-implicit-module-maps -explicit-swift-module-map-file /Users/justinseo/Library/Developer/Xcode/DerivedData/fastblog-csaehbbathknksedjwjyyhidwbnx/Build/Intermediates.noindex/fastblog.build/Debug-iphoneos/Bloggo.build/Objects-normal/arm64/Bloggo-dependencies-1.json -Xllvm -aarch64-use-tbi -enable-objc-interop -stack-check -sdk /Applications/Xcode.app/Contents/Developer/Platforms/iPhoneOS.platform/Developer/SDKs/iPhoneOS26.2.sdk -I /Users/justinseo/Library/Developer/Xcode/DerivedData/fastblog-csaehbbathknksedjwjyyhidwbnx/Build/Products/Debug-iphoneos -F /Users/justinseo/Library/Developer/Xcode/DerivedData/fastblog-csaehbbathknksedjwjyyhidwbnx/Build/Products/Debug-iphoneos/PackageFrameworks -F /Users/justinseo/Library/Developer/Xcode/DerivedData/fastblog-csaehbbathknksedjwjyyhidwbnx/Build/Products/Debug-iphoneos/PackageFrameworks -F /Users/justinseo/Library/Developer/Xcode/DerivedData/fastblog-csaehbbathknksedjwjyyhidwbnx/Build/Products/Debug-iphoneos/PackageFrameworks -F /Users/justinseo/Library/Developer/Xcode/DerivedData/fastblog-csaehbbathknksedjwjyyhidwbnx/Build/Products/Debug-iphoneos/PackageFrameworks -F /Users/justinseo/Library/Developer/Xcode/DerivedData/fastblog-csaehbbathknksedjwjyyhidwbnx/Build/Products/Debug-iphoneos/PackageFrameworks -F /Users/justinseo/Library/Developer/Xcode/DerivedData/fastblog-csaehbbathknksedjwjyyhidwbnx/Build/Products/Debug-iphoneos/PackageFrameworks -F /Users/justinseo/Library/Developer/Xcode/DerivedData/fastblog-csaehbbathknksedjwjyyhidwbnx/Build/Products/Debug-iphoneos/PackageFrameworks -F /Users/justinseo/Library/Developer/Xcode/DerivedData/fastblog-csaehbbathknksedjwjyyhidwbnx/Build/Products/Debug-iphoneos/PackageFrameworks -F /Users/justinseo/Library/Developer/Xcode/DerivedData/fastblog-csaehbbathknksedjwjyyhidwbnx/Build/Products/Debug-iphoneos/PackageFrameworks -F /Users/justinseo/Library/Developer/Xcode/DerivedData/fastblog-csaehbbathknksedjwjyyhidwbnx/Build/Products/Debug-iphoneos/PackageFrameworks -F /Users/justinseo/Library/Developer/Xcode/DerivedData/fastblog-csaehbbathknksedjwjyyhidwbnx/Build/Products/Debug-iphoneos/PackageFrameworks -F /Users/justinseo/Library/Developer/Xcode/DerivedData/fastblog-csaehbbathknksedjwjyyhidwbnx/Build/Products/Debug-iphoneos -no-color-diagnostics -Xcc -fno-color-diagnostics -g -debug-info-format\=dwarf -dwarf-version\=4 -module-cache-path /Users/justinseo/Library/Developer/Xcode/DerivedData/fastblog-csaehbbathknksedjwjyyhidwbnx/Build/Intermediates.noindex/SwiftExplicitPrecompiledModules -swift-version 5 -enforce-exclusivity\=checked -Onone -D DEBUG -serialize-debugging-options -const-gather-protocols-file /Users/justinseo/Library/Developer/Xcode/DerivedData/fastblog-csaehbbathknksedjwjyyhidwbnx/Build/Intermediates.noindex/fastblog.build/Debug-iphoneos/Bloggo.build/Objects-normal/arm64/Bloggo_const_extract_protocols.json -enable-experimental-feature DebugDescriptionMacro -enable-bare-slash-regex -empty-abi-descriptor -validate-clang-modules-once -clang-build-session-file /Users/justinseo/Library/Developer/Xcode/DerivedData/ModuleCache.noindex/Session.modulevalidation -Xcc -working-directory -Xcc /Users/justinseo/Desktop/fastblog -enable-anonymous-context-mangled-names -file-compilation-dir /Users/justinseo/Desktop/fastblog -Xcc -fmodule-map-file\=/Users/justinseo/Library/Developer/Xcode/DerivedData/fastblog-csaehbbathknksedjwjyyhidwbnx/Build/Intermediates.noindex/GeneratedModuleMaps-iphoneos/AppAuth.modulemap -Xcc -fmodule-map-file\=/Users/justinseo/Library/Developer/Xcode/DerivedData/fastblog-csaehbbathknksedjwjyyhidwbnx/Build/Intermediates.noindex/GeneratedModuleMaps-iphoneos/AppAuthCore.modulemap -Xcc -fmodule-map-file\=/Users/justinseo/Library/Developer/Xcode/DerivedData/fastblog-csaehbbathknksedjwjyyhidwbnx/Build/Intermediates.noindex/GeneratedModuleMaps-iphoneos/GoogleUtilities-Logger.modulemap -Xcc -fmodule-map-file\=/Users/justinseo/Library/Developer/Xcode/DerivedData/fastblog-csaehbbathknksedjwjyyhidwbnx/Build/Intermediates.noindex/GeneratedModuleMaps-iphoneos/GoogleUtilities-Environment.modulemap -Xcc -fmodule-map-file\=/Users/justinseo/Library/Developer/Xcode/DerivedData/fastblog-csaehbbathknksedjwjyyhidwbnx/Build/Intermediates.noindex/GeneratedModuleMaps-iphoneos/third-party-IsAppEncrypted.modulemap -Xcc -fmodule-map-file\=/Users/justinseo/Library/Developer/Xcode/DerivedData/fastblog-csaehbbathknksedjwjyyhidwbnx/Build/Intermediates.noindex/GeneratedModuleMaps-iphoneos/GoogleUtilities-UserDefaults.modulemap -Xcc -fmodule-map-file\=/Users/justinseo/Library/Developer/Xcode/DerivedData/fastblog-csaehbbathknksedjwjyyhidwbnx/Build/Intermediates.noindex/GeneratedModuleMaps-iphoneos/AppCheckCore.modulemap -Xcc -fmodule-map-file\=/Users/justinseo/Library/Developer/Xcode/DerivedData/fastblog-csaehbbathknksedjwjyyhidwbnx/Build/Intermediates.noindex/GeneratedModuleMaps-iphoneos/GTMSessionFetcherCore.modulemap -Xcc -fmodule-map-file\=/Users/justinseo/Library/Developer/Xcode/DerivedData/fastblog-csaehbbathknksedjwjyyhidwbnx/Build/Intermediates.noindex/GeneratedModuleMaps-iphoneos/GoogleSignIn.modulemap -Xcc -D_LIBCPP_HARDENING_MODE\=_LIBCPP_HARDENING_MODE_DEBUG -Xcc -ivfsstatcache -Xcc /Users/justinseo/Library/Developer/Xcode/DerivedData/SDKStatCaches.noindex/iphoneos26.2-23C53-3885c01c3e6b6a337905948deab2002e3794476bd08197c3e2abd9bb477ef7f7.sdkstatcache -Xcc -I/Users/justinseo/Library/Developer/Xcode/DerivedData/fastblog-csaehbbathknksedjwjyyhidwbnx/Build/Intermediates.noindex/fastblog.build/Debug-iphoneos/Bloggo.build/swift-overrides.hmap -Xcc -iquote -Xcc /Users/justinseo/Library/Developer/Xcode/DerivedData/fastblog-csaehbbathknksedjwjyyhidwbnx/Build/Intermediates.noindex/fastblog.build/Debug-iphoneos/Bloggo.build/Bloggo-generated-files.hmap -Xcc -I/Users/justinseo/Library/Developer/Xcode/DerivedData/fastblog-csaehbbathknksedjwjyyhidwbnx/Build/Intermediates.noindex/fastblog.build/Debug-iphoneos/Bloggo.build/Bloggo-own-target-headers.hmap -Xcc -I/Users/justinseo/Library/Developer/Xcode/DerivedData/fastblog-csaehbbathknksedjwjyyhidwbnx/Build/Intermediates.noindex/fastblog.build/Debug-iphoneos/Bloggo.build/Bloggo-all-non-framework-target-headers.hmap -Xcc -ivfsoverlay -Xcc /Users/justinseo/Library/Developer/Xcode/DerivedData/fastblog-csaehbbathknksedjwjyyhidwbnx/Build/Intermediates.noindex/fastblog.build/Debug-iphoneos/fastblog-3c8623417a5f33acebf98d8fcf42ca8d-VFS-iphoneos/all-product-headers.yaml -Xcc -iquote -Xcc /Users/justinseo/Library/Developer/Xcode/DerivedData/fastblog-csaehbbathknksedjwjyyhidwbnx/Build/Intermediates.noindex/fastblog.build/Debug-iphoneos/Bloggo.build/Bloggo-project-headers.hmap -Xcc -I/Users/justinseo/Library/Developer/Xcode/DerivedData/fastblog-csaehbbathknksedjwjyyhidwbnx/SourcePackages/checkouts/AppAuth-iOS/Sources/AppAuth -Xcc -I/Users/justinseo/Library/Developer/Xcode/DerivedData/fastblog-csaehbbathknksedjwjyyhidwbnx/SourcePackages/checkouts/AppAuth-iOS/Sources/AppAuthCore -Xcc -I/Users/justinseo/Library/Developer/Xcode/DerivedData/fastblog-csaehbbathknksedjwjyyhidwbnx/SourcePackages/checkouts/promises/Sources/FBLPromises/include -Xcc -I/Users/justinseo/Library/Developer/Xcode/DerivedData/fastblog-csaehbbathknksedjwjyyhidwbnx/SourcePackages/checkouts/GoogleUtilities/GoogleUtilities/Logger/Public -Xcc -I/Users/justinseo/Library/Developer/Xcode/DerivedData/fastblog-csaehbbathknksedjwjyyhidwbnx/SourcePackages/checkouts/GoogleUtilities/GoogleUtilities/Environment/Public -Xcc -I/Users/justinseo/Library/Developer/Xcode/DerivedData/fastblog-csaehbbathknksedjwjyyhidwbnx/SourcePackages/checkouts/GoogleUtilities/third_party/IsAppEncrypted/Public -Xcc -I/Users/justinseo/Library/Developer/Xcode/DerivedData/fastblog-csaehbbathknksedjwjyyhidwbnx/SourcePackages/checkouts/GoogleUtilities/GoogleUtilities/UserDefaults/Public -Xcc -I/Users/justinseo/Library/Developer/Xcode/DerivedData/fastblog-csaehbbathknksedjwjyyhidwbnx/SourcePackages/checkouts/app-check/AppCheckCore/Sources/Public -Xcc -I/Users/justinseo/Library/Developer/Xcode/DerivedData/fastblog-csaehbbathknksedjwjyyhidwbnx/SourcePackages/checkouts/gtm-session-fetcher/Sources/Core/Public -Xcc -I/Users/justinseo/Library/Developer/Xcode/DerivedData/fastblog-csaehbbathknksedjwjyyhidwbnx/SourcePackages/checkouts/GoogleSignIn-iOS/GoogleSignIn/Sources/Public -Xcc -I/Users/justinseo/Library/Developer/Xcode/DerivedData/fastblog-csaehbbathknksedjwjyyhidwbnx/Build/Products/Debug-iphoneos/include -Xcc -I/Users/justinseo/Library/Developer/Xcode/DerivedData/fastblog-csaehbbathknksedjwjyyhidwbnx/Build/Intermediates.noindex/fastblog.build/Debug-iphoneos/Bloggo.build/DerivedSources-normal/arm64 -Xcc -I/Users/justinseo/Library/Developer/Xcode/DerivedData/fastblog-csaehbbathknksedjwjyyhidwbnx/Build/Intermediates.noindex/fastblog.build/Debug-iphoneos/Bloggo.build/DerivedSources/arm64 -Xcc -I/Users/justinseo/Library/Developer/Xcode/DerivedData/fastblog-csaehbbathknksedjwjyyhidwbnx/Build/Intermediates.noindex/fastblog.build/Debug-iphoneos/Bloggo.build/DerivedSources -Xcc -DDEBUG\=1 -no-auto-bridging-header-chaining -module-name Bloggo -frontend-parseable-output -disable-clang-spi -target-sdk-version 26.2 -target-sdk-name iphoneos26.2 -clang-target arm64-apple-ios26.2 -in-process-plugin-server-path /Applications/Xcode.app/Contents/Developer/Toolchains/XcodeDefault.xctoolchain/usr/lib/swift/host/libSwiftInProcPluginServer.dylib -o /Users/justinseo/Library/Developer/Xcode/DerivedData/fastblog-csaehbbathknksedjwjyyhidwbnx/Build/Intermediates.noindex/fastblog.build/Debug-iphoneos/Bloggo.build/Objects-normal/arm64/RecapBlogPageView.o -index-unit-output-path /fastblog.build/Debug-iphoneos/Bloggo.build/Objects-normal/arm64/RecapBlogPageView.o -index-store-path /Users/justinseo/Library/Developer/Xcode/DerivedData/fastblog-csaehbbathknksedjwjyyhidwbnx/Index.noindex/DataStore -index-system-modules
SwiftEmitModule normal arm64 Emitting\ module\ for\ Bloggo (in target 'Bloggo' from project 'fastblog')

EmitSwiftModule normal arm64 (in target 'Bloggo' from project 'fastblog')
    cd /Users/justinseo/Desktop/fastblog
    

warning: Skipping duplicate build file in Compile Sources build phase: /Users/justinseo/Desktop/fastblog/fastblog/Views/Onboarding/PhotoPermissionOnboardingView.swift (in target 'Bloggo' from project 'fastblog')
** BUILD FAILED **


The following build commands failed:
	SwiftCompile normal arm64 /Users/justinseo/Desktop/fastblog/fastblog/Views/RecapBlogPageView.swift (in target 'Bloggo' from project 'fastblog')
	SwiftCompile normal arm64 Compiling\ RecapBlogPageView.swift /Users/justinseo/Desktop/fastblog/fastblog/Views/RecapBlogPageView.swift (in target 'Bloggo' from project 'fastblog')
	Building project fastblog with scheme Bloggo
(3 failures)
