{"type":"server-started","port":58911,"host":"127.0.0.1","url_host":"localhost","url":"http://localhost:58911","screen_dir":"/Users/justinseo/Desktop/Bloggo/fastblog/.superpowers/brainstorm/58993-1777628873/content","state_dir":"/Users/justinseo/Desktop/Bloggo/fastblog/.superpowers/brainstorm/58993-1777628873/state"}
{"type":"screen-added","file":"/Users/justinseo/Desktop/Bloggo/fastblog/.superpowers/brainstorm/58993-1777628873/content/animation-concepts.html"}
{"source":"user-event","type":"click","text":"A\n      \n        Chaos to Order\n        Scattered photo tiles fly in messy, then snap into a clean structured blog\n      \n    \n\n    \n      \n      \n        \n          \n            \n            \n            \n            \n            \n            \n            \n            \n            \n            \n            \n            \n            \n            \n            \n          \n        \n        Your camera roll\n      \n\n      \n        ✦\n        becomes\n      \n\n      \n      \n        \n          \n            \n              \n                Bali Trip 2024\n                12 places · 6 days\n              \n            \n            \n              \n              \n                Day 1\n                \n                \n              \n            \n            \n              \n              \n                Day 2\n                \n                \n              \n            \n            \n              \n              \n                Day 3\n                \n                \n              \n            \n          \n        \n        Your Bloggo\n      \n    \n\n    \n      Animation: photos appear scattered with random rotations, then 0.8s spring snap into organized rows","choice":"a","id":null,"timestamp":1777629038812}
{"type":"screen-added","file":"/Users/justinseo/Desktop/Bloggo/fastblog/.superpowers/brainstorm/58993-1777628873/content/animation-preview.html"}
{"type":"screen-added","file":"/Users/justinseo/Desktop/Bloggo/fastblog/.superpowers/brainstorm/58993-1777628873/content/animation-preview-v2.html"}
{"type":"screen-updated","file":"/Users/justinseo/Desktop/Bloggo/fastblog/.superpowers/brainstorm/58993-1777628873/content/animation-preview-v2.html"}
{"type":"screen-updated","file":"/Users/justinseo/Desktop/Bloggo/fastblog/.superpowers/brainstorm/58993-1777628873/content/animation-preview-v2.html"}
{"type":"screen-updated","file":"/Users/justinseo/Desktop/Bloggo/fastblog/.superpowers/brainstorm/58993-1777628873/content/animation-preview-v2.html"}
{"type":"screen-updated","file":"/Users/justinseo/Desktop/Bloggo/fastblog/.superpowers/brainstorm/58993-1777628873/content/animation-preview-v2.html"}
{"type":"screen-updated","file":"/Users/justinseo/Desktop/Bloggo/fastblog/.superpowers/brainstorm/58993-1777628873/content/animation-preview-v2.html"}
{"type":"screen-updated","file":"/Users/justinseo/Desktop/Bloggo/fastblog/.superpowers/brainstorm/58993-1777628873/content/animation-preview-v2.html"}
{"type":"screen-updated","file":"/Users/justinseo/Desktop/Bloggo/fastblog/.superpowers/brainstorm/58993-1777628873/content/animation-preview-v2.html"}
{"type":"screen-updated","file":"/Users/justinseo/Desktop/Bloggo/fastblog/.superpowers/brainstorm/58993-1777628873/content/animation-preview-v2.html"}
{"type":"screen-updated","file":"/Users/justinseo/Desktop/Bloggo/fastblog/.superpowers/brainstorm/58993-1777628873/content/animation-preview-v2.html"}
{"type":"screen-updated","file":"/Users/justinseo/Desktop/Bloggo/fastblog/.superpowers/brainstorm/58993-1777628873/content/animation-preview-v2.html"}
{"type":"screen-updated","file":"/Users/justinseo/Desktop/Bloggo/fastblog/.superpowers/brainstorm/58993-1777628873/content/animation-preview-v2.html"}
{"type":"screen-updated","file":"/Users/justinseo/Desktop/Bloggo/fastblog/.superpowers/brainstorm/58993-1777628873/content/animation-preview-v2.html"}
{"type":"screen-updated","file":"/Users/justinseo/Desktop/Bloggo/fastblog/.superpowers/brainstorm/58993-1777628873/content/animation-preview-v2.html"}
{"type":"screen-updated","file":"/Users/justinseo/Desktop/Bloggo/fastblog/.superpowers/brainstorm/58993-1777628873/content/animation-preview-v2.html"}
{"type":"screen-updated","file":"/Users/justinseo/Desktop/Bloggo/fastblog/.superpowers/brainstorm/58993-1777628873/content/animation-preview-v2.html"}
{"type":"screen-updated","file":"/Users/justinseo/Desktop/Bloggo/fastblog/.superpowers/brainstorm/58993-1777628873/content/animation-preview-v2.html"}
{"type":"screen-updated","file":"/Users/justinseo/Desktop/Bloggo/fastblog/.superpowers/brainstorm/58993-1777628873/content/animation-preview-v2.html"}
{"type":"screen-updated","file":"/Users/justinseo/Desktop/Bloggo/fastblog/.superpowers/brainstorm/58993-1777628873/content/animation-preview-v2.html"}
{"type":"screen-updated","file":"/Users/justinseo/Desktop/Bloggo/fastblog/.superpowers/brainstorm/58993-1777628873/content/animation-preview-v2.html"}
{"type":"screen-updated","file":"/Users/justinseo/Desktop/Bloggo/fastblog/.superpowers/brainstorm/58993-1777628873/content/animation-preview-v2.html"}
{"type":"screen-updated","file":"/Users/justinseo/Desktop/Bloggo/fastblog/.superpowers/brainstorm/58993-1777628873/content/animation-preview-v2.html"}
{"type":"screen-updated","file":"/Users/justinseo/Desktop/Bloggo/fastblog/.superpowers/brainstorm/58993-1777628873/content/animation-preview-v2.html"}
{"type":"screen-updated","file":"/Users/justinseo/Desktop/Bloggo/fastblog/.superpowers/brainstorm/58993-1777628873/content/animation-preview-v2.html"}
{"type":"screen-updated","file":"/Users/justinseo/Desktop/Bloggo/fastblog/.superpowers/brainstorm/58993-1777628873/content/animation-preview-v2.html"}
{"type":"screen-updated","file":"/Users/justinseo/Desktop/Bloggo/fastblog/.superpowers/brainstorm/58993-1777628873/content/animation-preview-v2.html"}
{"type":"server-stopped","reason":"idle timeout"}
